#
# There is insufficient memory for the Java Runtime Environment to continue.
# Native memory allocation (malloc) failed to allocate 264368 bytes. Error detail: Chunk::new
# Possible reasons:
#   The system is out of physical RAM or swap space
#   This process is running with CompressedOops enabled, and the Java Heap may be blocking the growth of the native heap
# Possible solutions:
#   Reduce memory load on the system
#   Increase physical memory or swap space
#   Check if swap backing store is full
#   Decrease Java heap size (-Xmx/-Xms)
#   Decrease number of Java threads
#   Decrease Java thread stack sizes (-Xss)
#   Set larger code cache with -XX:ReservedCodeCacheSize=
#   JVM is running with Zero Based Compressed Oops mode in which the Java heap is
#     placed in the first 32GB address space. The Java Heap base address is the
#     maximum limit for the native heap growth. Please use -XX:HeapBaseMinAddress
#     to set the Java Heap base and to place the Java Heap above 32GB virtual address.
# This output file may be truncated or incomplete.
#
#  Out of Memory Error (arena.cpp:191), pid=11804, tid=43712
#
# JRE version: OpenJDK Runtime Environment Temurin-17.0.10+7 (17.0.11+9) (build 17.0.10+7)
# Java VM: OpenJDK 64-Bit Server VM Temurin-17.0.10+7 (17.0.11+9, mixed mode, tiered, compressed oops, compressed class ptrs, g1 gc, windows-amd64)
# No core dump will be written. Minidumps are not enabled by default on client versions of Windows
#

---------------  S U M M A R Y ------------

Command Line: -XX:+ShowCodeDetailsInExceptionMessages com.example.onlinefood.OnlineFoodOrderingApplication

Host: 12th Gen Intel(R) Core(TM) i9-12900H, 20 cores, 15G,  Windows 11 , 64 bit Build 22621 (10.0.22621.3374)
Time: Sun May 12 05:17:10 2024  Windows 11 , 64 bit Build 22621 (10.0.22621.3374) elapsed time: 466.342917 seconds (0d 0h 7m 46s)

---------------  T H R E A D  ---------------

Current thread (0x000002525253a7c0):  JavaThread "C2 CompilerThread0" daemon [_thread_in_native, id=43712, stack(0x0000009b18d00000,0x0000009b18e00000)]


Current CompileTask:
C2: 466343 15143       4       jdk.internal.reflect.Reflection::verifyModuleAccess (24 bytes)

Stack: [0x0000009b18d00000,0x0000009b18e00000]
Native frames: (J=compiled Java code, j=interpreted, Vv=VM code, C=native code)
V  [jvm.dll+0x67d429]
V  [jvm.dll+0x834b7a]
V  [jvm.dll+0x83663e]
V  [jvm.dll+0x836ca3]
V  [jvm.dll+0x247dbf]
V  [jvm.dll+0xac534]
V  [jvm.dll+0xacb7c]
V  [jvm.dll+0x366647]
V  [jvm.dll+0x1bd272]
V  [jvm.dll+0x21a5c9]
V  [jvm.dll+0x2198b1]
V  [jvm.dll+0x1a534d]
V  [jvm.dll+0x2295cd]
V  [jvm.dll+0x22779c]
V  [jvm.dll+0x7e9d07]
V  [jvm.dll+0x7e410a]
V  [jvm.dll+0x67c315]
C  [ucrtbase.dll+0x29333]
C  [KERNEL32.DLL+0x1257d]
C  [ntdll.dll+0x5aa48]


---------------  P R O C E S S  ---------------

Threads class SMR info:
_java_thread_list=0x000002525db40600, length=31, elements={
0x00000252518949d0, 0x0000025251896570, 0x000002525189d500, 0x0000025252538610,
0x00000252525392f0, 0x0000025252539bc0, 0x000002525253a7c0, 0x000002525256c400,
0x000002525250ffc0, 0x00000252526f6e50, 0x00000252526fd2b0, 0x0000025257d4d010,
0x0000025258e319d0, 0x000002525b371aa0, 0x00000252573c60d0, 0x00000252584d6210,
0x000002525c08a8c0, 0x000002525c08a3b0, 0x000002525c08ea90, 0x000002525c087620,
0x000002525c08d140, 0x000002525c08b2e0, 0x000002525c08add0, 0x000002525c08b7f0,
0x000002525c089ea0, 0x000002525c08e580, 0x000002525c08efa0, 0x000002525c08db60,
0x000002525c08bd00, 0x000002525c088a60, 0x000002525c089990
}

Java Threads: ( => current thread )
  0x00000252518949d0 JavaThread "Reference Handler" daemon [_thread_blocked, id=41612, stack(0x0000009b18700000,0x0000009b18800000)]
  0x0000025251896570 JavaThread "Finalizer" daemon [_thread_blocked, id=37936, stack(0x0000009b18800000,0x0000009b18900000)]
  0x000002525189d500 JavaThread "Signal Dispatcher" daemon [_thread_blocked, id=33536, stack(0x0000009b18900000,0x0000009b18a00000)]
  0x0000025252538610 JavaThread "Attach Listener" daemon [_thread_blocked, id=39148, stack(0x0000009b18a00000,0x0000009b18b00000)]
  0x00000252525392f0 JavaThread "Service Thread" daemon [_thread_blocked, id=28248, stack(0x0000009b18b00000,0x0000009b18c00000)]
  0x0000025252539bc0 JavaThread "Monitor Deflation Thread" daemon [_thread_blocked, id=42236, stack(0x0000009b18c00000,0x0000009b18d00000)]
=>0x000002525253a7c0 JavaThread "C2 CompilerThread0" daemon [_thread_in_native, id=43712, stack(0x0000009b18d00000,0x0000009b18e00000)]
  0x000002525256c400 JavaThread "C1 CompilerThread0" daemon [_thread_blocked, id=6196, stack(0x0000009b18e00000,0x0000009b18f00000)]
  0x000002525250ffc0 JavaThread "Sweeper thread" daemon [_thread_blocked, id=18048, stack(0x0000009b18f00000,0x0000009b19000000)]
  0x00000252526f6e50 JavaThread "Notification Thread" daemon [_thread_blocked, id=43384, stack(0x0000009b19200000,0x0000009b19300000)]
  0x00000252526fd2b0 JavaThread "Common-Cleaner" daemon [_thread_blocked, id=8748, stack(0x0000009b19400000,0x0000009b19500000)]
  0x0000025257d4d010 JavaThread "Catalina-utility-1" [_thread_blocked, id=32180, stack(0x0000009b19e00000,0x0000009b19f00000)]
  0x0000025258e319d0 JavaThread "Catalina-utility-2" [_thread_blocked, id=33276, stack(0x0000009b1ae00000,0x0000009b1af00000)]
  0x000002525b371aa0 JavaThread "container-0" [_thread_blocked, id=41816, stack(0x0000009b1af00000,0x0000009b1b000000)]
  0x00000252573c60d0 JavaThread "mysql-cj-abandoned-connection-cleanup" daemon [_thread_blocked, id=38320, stack(0x0000009b1b000000,0x0000009b1b100000)]
  0x00000252584d6210 JavaThread "HikariPool-1 housekeeper" daemon [_thread_blocked, id=42276, stack(0x0000009b1b200000,0x0000009b1b300000)]
  0x000002525c08a8c0 JavaThread "File Watcher" daemon [_thread_blocked, id=37992, stack(0x0000009b1b500000,0x0000009b1b600000)]
  0x000002525c08a3b0 JavaThread "Live Reload Server" daemon [_thread_in_native, id=27284, stack(0x0000009b1b700000,0x0000009b1b800000)]
  0x000002525c08ea90 JavaThread "http-nio-8080-exec-1" daemon [_thread_blocked, id=20176, stack(0x0000009b1b600000,0x0000009b1b700000)]
  0x000002525c087620 JavaThread "http-nio-8080-exec-2" daemon [_thread_blocked, id=17160, stack(0x0000009b1b800000,0x0000009b1b900000)]
  0x000002525c08d140 JavaThread "http-nio-8080-exec-3" daemon [_thread_blocked, id=9692, stack(0x0000009b1b900000,0x0000009b1ba00000)]
  0x000002525c08b2e0 JavaThread "http-nio-8080-exec-4" daemon [_thread_blocked, id=41352, stack(0x0000009b1ba00000,0x0000009b1bb00000)]
  0x000002525c08add0 JavaThread "http-nio-8080-exec-5" daemon [_thread_blocked, id=10164, stack(0x0000009b1bb00000,0x0000009b1bc00000)]
  0x000002525c08b7f0 JavaThread "http-nio-8080-exec-6" daemon [_thread_blocked, id=33452, stack(0x0000009b1bc00000,0x0000009b1bd00000)]
  0x000002525c089ea0 JavaThread "http-nio-8080-exec-7" daemon [_thread_blocked, id=41364, stack(0x0000009b1bd00000,0x0000009b1be00000)]
  0x000002525c08e580 JavaThread "http-nio-8080-exec-8" daemon [_thread_blocked, id=38196, stack(0x0000009b1be00000,0x0000009b1bf00000)]
  0x000002525c08efa0 JavaThread "http-nio-8080-exec-9" daemon [_thread_blocked, id=19684, stack(0x0000009b1bf00000,0x0000009b1c000000)]
  0x000002525c08db60 JavaThread "http-nio-8080-exec-10" daemon [_thread_blocked, id=43032, stack(0x0000009b1c000000,0x0000009b1c100000)]
  0x000002525c08bd00 JavaThread "http-nio-8080-Poller" daemon [_thread_in_native, id=32680, stack(0x0000009b1c100000,0x0000009b1c200000)]
  0x000002525c088a60 JavaThread "http-nio-8080-Acceptor" daemon [_thread_in_native, id=15168, stack(0x0000009b1c200000,0x0000009b1c300000)]
  0x000002525c089990 JavaThread "DestroyJavaVM" [_thread_blocked, id=37812, stack(0x0000009b18000000,0x0000009b18100000)]

Other Threads:
  0x0000025251890bf0 VMThread "VM Thread" [stack: 0x0000009b18600000,0x0000009b18700000] [id=34428]
  0x00000252526f7330 WatcherThread [stack: 0x0000009b19300000,0x0000009b19400000] [id=12120]
  0x000002522e69abc0 GCTaskThread "GC Thread#0" [stack: 0x0000009b18100000,0x0000009b18200000] [id=17352]
  0x0000025257fda620 GCTaskThread "GC Thread#1" [stack: 0x0000009b19700000,0x0000009b19800000] [id=18912]
  0x0000025257b31ee0 GCTaskThread "GC Thread#2" [stack: 0x0000009b19800000,0x0000009b19900000] [id=27188]
  0x00000252576c3d40 GCTaskThread "GC Thread#3" [stack: 0x0000009b19900000,0x0000009b19a00000] [id=28316]
  0x0000025258b8ec70 GCTaskThread "GC Thread#4" [stack: 0x0000009b19a00000,0x0000009b19b00000] [id=40980]
  0x0000025258cd1b60 GCTaskThread "GC Thread#5" [stack: 0x0000009b19b00000,0x0000009b19c00000] [id=4484]
  0x000002525882fe80 GCTaskThread "GC Thread#6" [stack: 0x0000009b19f00000,0x0000009b1a000000] [id=30568]
  0x00000252583f0460 GCTaskThread "GC Thread#7" [stack: 0x0000009b1a000000,0x0000009b1a100000] [id=31396]
  0x00000252585453b0 GCTaskThread "GC Thread#8" [stack: 0x0000009b1a100000,0x0000009b1a200000] [id=35076]
  0x0000025258545bf0 GCTaskThread "GC Thread#9" [stack: 0x0000009b1a900000,0x0000009b1aa00000] [id=38340]
  0x00000252585469b0 GCTaskThread "GC Thread#10" [stack: 0x0000009b1aa00000,0x0000009b1ab00000] [id=28592]
  0x00000252585450f0 GCTaskThread "GC Thread#11" [stack: 0x0000009b1ab00000,0x0000009b1ac00000] [id=43452]
  0x0000025258545930 GCTaskThread "GC Thread#12" [stack: 0x0000009b1a800000,0x0000009b1a900000] [id=1460]
  0x0000025258d593d0 GCTaskThread "GC Thread#13" [stack: 0x0000009b1ac00000,0x0000009b1ad00000] [id=41712]
  0x0000025258d5bfd0 GCTaskThread "GC Thread#14" [stack: 0x0000009b1ad00000,0x0000009b1ae00000] [id=6452]
  0x000002522e6ab4e0 ConcurrentGCThread "G1 Main Marker" [stack: 0x0000009b18200000,0x0000009b18300000] [id=23800]
  0x000002522e6ac4b0 ConcurrentGCThread "G1 Conc#0" [stack: 0x0000009b18300000,0x0000009b18400000] [id=21104]
  0x0000025258545670 ConcurrentGCThread "G1 Conc#1" [stack: 0x0000009b1a200000,0x0000009b1a300000] [id=18708]
  0x00000252585466f0 ConcurrentGCThread "G1 Conc#2" [stack: 0x0000009b1a300000,0x0000009b1a400000] [id=31272]
  0x0000025258546170 ConcurrentGCThread "G1 Conc#3" [stack: 0x0000009b1a400000,0x0000009b1a500000] [id=37252]
  0x0000025251778140 ConcurrentGCThread "G1 Refine#0" [stack: 0x0000009b18400000,0x0000009b18500000] [id=43120]
  0x0000025251779d90 ConcurrentGCThread "G1 Service" [stack: 0x0000009b18500000,0x0000009b18600000] [id=11912]

Threads with active compile tasks:
C2 CompilerThread0   466385 15143       4       jdk.internal.reflect.Reflection::verifyModuleAccess (24 bytes)

VM state: not at safepoint (normal execution)

VM Mutex/Monitor currently owned by a thread: None

Heap address: 0x0000000704400000, size: 4028 MB, Compressed Oops mode: Zero based, Oop shift amount: 3

CDS archive(s) not mapped
Compressed class space mapped at: 0x0000000800000000-0x0000000840000000, reserved size: 1073741824
Narrow klass base: 0x0000000800000000, Narrow klass shift: 0, Narrow klass range: 0x40000000

GC Precious Log:
 CPUs: 20 total, 20 available
 Memory: 16108M
 Large Page Support: Disabled
 NUMA Support: Disabled
 Compressed Oops: Enabled (Zero based)
 Heap Region Size: 2M
 Heap Min Capacity: 8M
 Heap Initial Capacity: 252M
 Heap Max Capacity: 4028M
 Pre-touch: Disabled
 Parallel Workers: 15
 Concurrent Workers: 4
 Concurrent Refinement Workers: 15
 Periodic GC: Disabled

Heap:
 garbage-first heap   total 102400K, used 80358K [0x0000000704400000, 0x0000000800000000)
  region size 2048K, 20 young (40960K), 1 survivors (2048K)
 Metaspace       used 98721K, committed 99456K, reserved 1179648K
  class space    used 12543K, committed 12864K, reserved 1048576K

Heap Regions: E=young(eden), S=young(survivor), O=old, HS=humongous(starts), HC=humongous(continues), CS=collection set, F=free, OA=open archive, CA=closed archive, TAMS=top-at-mark-start (previous, next)
|   0|0x0000000704400000, 0x0000000704600000, 0x0000000704600000|100%| O|  |TAMS 0x0000000704600000, 0x0000000704400000| Untracked 
|   1|0x0000000704600000, 0x0000000704800000, 0x0000000704800000|100%| O|  |TAMS 0x0000000704800000, 0x0000000704600000| Untracked 
|   2|0x0000000704800000, 0x0000000704a00000, 0x0000000704a00000|100%| O|  |TAMS 0x0000000704a00000, 0x0000000704800000| Untracked 
|   3|0x0000000704a00000, 0x0000000704b3a000, 0x0000000704c00000| 61%| O|  |TAMS 0x0000000704b3a000, 0x0000000704a00000| Untracked 
|   4|0x0000000704c00000, 0x0000000704e00000, 0x0000000704e00000|100%| O|  |TAMS 0x0000000704e00000, 0x0000000704c00000| Untracked 
|   5|0x0000000704e00000, 0x0000000705000000, 0x0000000705000000|100%| O|  |TAMS 0x0000000705000000, 0x0000000704e00000| Untracked 
|   6|0x0000000705000000, 0x0000000705200000, 0x0000000705200000|100%| O|  |TAMS 0x0000000705200000, 0x0000000705000000| Untracked 
|   7|0x0000000705200000, 0x0000000705400000, 0x0000000705400000|100%| O|  |TAMS 0x0000000705400000, 0x0000000705200000| Untracked 
|   8|0x0000000705400000, 0x00000007054e2200, 0x0000000705600000| 44%| O|  |TAMS 0x00000007054e2200, 0x0000000705400000| Untracked 
|   9|0x0000000705600000, 0x0000000705800000, 0x0000000705800000|100%| O|  |TAMS 0x0000000705600000, 0x0000000705600000| Untracked 
|  10|0x0000000705800000, 0x0000000705a00000, 0x0000000705a00000|100%| O|  |TAMS 0x0000000705800000, 0x0000000705800000| Untracked 
|  11|0x0000000705a00000, 0x0000000705c00000, 0x0000000705c00000|100%| O|  |TAMS 0x0000000705a00000, 0x0000000705a00000| Untracked 
|  12|0x0000000705c00000, 0x0000000705e00000, 0x0000000705e00000|100%| O|  |TAMS 0x0000000705c00000, 0x0000000705c00000| Untracked 
|  13|0x0000000705e00000, 0x0000000706000000, 0x0000000706000000|100%| O|  |TAMS 0x0000000705e00000, 0x0000000705e00000| Untracked 
|  14|0x0000000706000000, 0x0000000706200000, 0x0000000706200000|100%| O|  |TAMS 0x0000000706000000, 0x0000000706000000| Untracked 
|  15|0x0000000706200000, 0x0000000706400000, 0x0000000706400000|100%| O|  |TAMS 0x0000000706200000, 0x0000000706200000| Untracked 
|  16|0x0000000706400000, 0x0000000706600000, 0x0000000706600000|100%| O|  |TAMS 0x0000000706400000, 0x0000000706400000| Untracked 
|  17|0x0000000706600000, 0x0000000706800000, 0x0000000706800000|100%| O|  |TAMS 0x0000000706600000, 0x0000000706600000| Untracked 
|  18|0x0000000706800000, 0x0000000706a00000, 0x0000000706a00000|100%| O|  |TAMS 0x0000000706800000, 0x0000000706800000| Untracked 
|  19|0x0000000706a00000, 0x0000000706c00000, 0x0000000706c00000|100%| O|  |TAMS 0x0000000706a00000, 0x0000000706a00000| Untracked 
|  20|0x0000000706c00000, 0x0000000706e00000, 0x0000000706e00000|100%| O|  |TAMS 0x0000000706c00000, 0x0000000706c00000| Untracked 
|  21|0x0000000706e00000, 0x0000000706e82a00, 0x0000000707000000| 25%| O|  |TAMS 0x0000000706e00000, 0x0000000706e00000| Untracked 
|  22|0x0000000707000000, 0x0000000707000000, 0x0000000707200000|  0%| F|  |TAMS 0x0000000707000000, 0x0000000707000000| Untracked 
|  23|0x0000000707200000, 0x0000000707200000, 0x0000000707400000|  0%| F|  |TAMS 0x0000000707200000, 0x0000000707200000| Untracked 
|  24|0x0000000707400000, 0x0000000707400000, 0x0000000707600000|  0%| F|  |TAMS 0x0000000707400000, 0x0000000707400000| Untracked 
|  25|0x0000000707600000, 0x0000000707600000, 0x0000000707800000|  0%| F|  |TAMS 0x0000000707600000, 0x0000000707600000| Untracked 
|  26|0x0000000707800000, 0x0000000707800000, 0x0000000707a00000|  0%| F|  |TAMS 0x0000000707800000, 0x0000000707800000| Untracked 
|  27|0x0000000707a00000, 0x0000000707a00000, 0x0000000707c00000|  0%| F|  |TAMS 0x0000000707a00000, 0x0000000707a00000| Untracked 
|  28|0x0000000707c00000, 0x0000000707ddaca0, 0x0000000707e00000| 92%| S|CS|TAMS 0x0000000707c00000, 0x0000000707c00000| Complete 
|  29|0x0000000707e00000, 0x0000000707e00000, 0x0000000708000000|  0%| F|  |TAMS 0x0000000707e00000, 0x0000000707e00000| Untracked 
|  30|0x0000000708000000, 0x0000000708000000, 0x0000000708200000|  0%| F|  |TAMS 0x0000000708000000, 0x0000000708000000| Untracked 
|  31|0x0000000708200000, 0x000000070829ef30, 0x0000000708400000| 31%| E|  |TAMS 0x0000000708200000, 0x0000000708200000| Complete 
|  32|0x0000000708400000, 0x0000000708600000, 0x0000000708600000|100%| E|CS|TAMS 0x0000000708400000, 0x0000000708400000| Complete 
|  33|0x0000000708600000, 0x0000000708800000, 0x0000000708800000|100%| E|CS|TAMS 0x0000000708600000, 0x0000000708600000| Complete 
|  34|0x0000000708800000, 0x0000000708a00000, 0x0000000708a00000|100%| E|CS|TAMS 0x0000000708800000, 0x0000000708800000| Complete 
|  35|0x0000000708a00000, 0x0000000708c00000, 0x0000000708c00000|100%| E|CS|TAMS 0x0000000708a00000, 0x0000000708a00000| Complete 
|  36|0x0000000708c00000, 0x0000000708e00000, 0x0000000708e00000|100%| E|CS|TAMS 0x0000000708c00000, 0x0000000708c00000| Complete 
|  37|0x0000000708e00000, 0x0000000709000000, 0x0000000709000000|100%| E|CS|TAMS 0x0000000708e00000, 0x0000000708e00000| Complete 
|  38|0x0000000709000000, 0x0000000709200000, 0x0000000709200000|100%| E|CS|TAMS 0x0000000709000000, 0x0000000709000000| Complete 
|  39|0x0000000709200000, 0x0000000709400000, 0x0000000709400000|100%| E|CS|TAMS 0x0000000709200000, 0x0000000709200000| Complete 
|  40|0x0000000709400000, 0x0000000709600000, 0x0000000709600000|100%| E|CS|TAMS 0x0000000709400000, 0x0000000709400000| Complete 
|  41|0x0000000709600000, 0x0000000709800000, 0x0000000709800000|100%| E|CS|TAMS 0x0000000709600000, 0x0000000709600000| Complete 
|  42|0x0000000709800000, 0x0000000709a00000, 0x0000000709a00000|100%| E|CS|TAMS 0x0000000709800000, 0x0000000709800000| Complete 
|  43|0x0000000709a00000, 0x0000000709c00000, 0x0000000709c00000|100%| E|CS|TAMS 0x0000000709a00000, 0x0000000709a00000| Complete 
|  44|0x0000000709c00000, 0x0000000709e00000, 0x0000000709e00000|100%| E|CS|TAMS 0x0000000709c00000, 0x0000000709c00000| Complete 
|  45|0x0000000709e00000, 0x000000070a000000, 0x000000070a000000|100%| E|CS|TAMS 0x0000000709e00000, 0x0000000709e00000| Complete 
|  46|0x000000070a000000, 0x000000070a200000, 0x000000070a200000|100%| E|CS|TAMS 0x000000070a000000, 0x000000070a000000| Complete 
|  47|0x000000070a200000, 0x000000070a400000, 0x000000070a400000|100%| E|CS|TAMS 0x000000070a200000, 0x000000070a200000| Complete 
|  48|0x000000070a400000, 0x000000070a600000, 0x000000070a600000|100%| E|CS|TAMS 0x000000070a400000, 0x000000070a400000| Complete 
| 125|0x0000000713e00000, 0x0000000714000000, 0x0000000714000000|100%| E|CS|TAMS 0x0000000713e00000, 0x0000000713e00000| Complete 

Card table byte_map: [0x00000252463c0000,0x0000025246ba0000] _byte_map_base: 0x0000025242b9e000

Marking Bits (Prev, Next): (CMBitMap*) 0x000002522e69b030, (CMBitMap*) 0x000002522e69aff0
 Prev Bits: [0x000002524b270000, 0x000002524f160000)
 Next Bits: [0x0000025247380000, 0x000002524b270000)

Polling page: 0x000002522c580000

Metaspace:

Usage:
  Non-class:     84.16 MB used.
      Class:     12.25 MB used.
       Both:     96.41 MB used.

Virtual space:
  Non-class space:      128.00 MB reserved,      84.56 MB ( 66%) committed,  2 nodes.
      Class space:        1.00 GB reserved,      12.56 MB (  1%) committed,  1 nodes.
             Both:        1.12 GB reserved,      97.12 MB (  8%) committed. 

Chunk freelists:
   Non-Class:  11.48 MB
       Class:  3.41 MB
        Both:  14.90 MB

MaxMetaspaceSize: unlimited
CompressedClassSpaceSize: 1.00 GB
Initial GC threshold: 21.00 MB
Current GC threshold: 98.06 MB
CDS: off
MetaspaceReclaimPolicy: balanced
 - commit_granule_bytes: 65536.
 - commit_granule_words: 8192.
 - virtual_space_node_default_size: 8388608.
 - enlarge_chunks_in_place: 1.
 - new_chunks_are_fully_committed: 0.
 - uncommit_free_chunks: 1.
 - use_allocation_guard: 0.
 - handle_deallocations: 1.


Internal statistics:

num_allocs_failed_limit: 9.
num_arena_births: 1038.
num_arena_deaths: 0.
num_vsnodes_births: 3.
num_vsnodes_deaths: 0.
num_space_committed: 1554.
num_space_uncommitted: 0.
num_chunks_returned_to_freelist: 9.
num_chunks_taken_from_freelist: 4299.
num_chunk_merges: 6.
num_chunk_splits: 3025.
num_chunks_enlarged: 2294.
num_inconsistent_stats: 0.

CodeHeap 'non-profiled nmethods': size=119168Kb used=9555Kb max_used=9555Kb free=109612Kb
 bounds [0x000002523dcd0000, 0x000002523e630000, 0x0000025245130000]
CodeHeap 'profiled nmethods': size=119104Kb used=28091Kb max_used=28091Kb free=91012Kb
 bounds [0x0000025236130000, 0x0000025237cb0000, 0x000002523d580000]
CodeHeap 'non-nmethods': size=7488Kb used=1395Kb max_used=3181Kb free=6092Kb
 bounds [0x000002523d580000, 0x000002523d8b0000, 0x000002523dcd0000]
 total_blobs=13904 nmethods=13172 adapters=643
 compilation: enabled
              stopped_count=0, restarted_count=0
 full_count=0

Compilation events (20 events):
Event: 465.729 Thread 0x000002525253a7c0 nmethod 15134 0x000002523e618210 code [0x000002523e618380, 0x000002523e618438]
Event: 465.736 Thread 0x000002525253a7c0 15135  s!   4       java.lang.StackTraceElement::computeFormat (71 bytes)
Event: 465.739 Thread 0x000002525253a7c0 nmethod 15135 0x000002523e618510 code [0x000002523e6186a0, 0x000002523e618cc8]
Event: 466.043 Thread 0x000002525253a7c0 15136       4       java.lang.Integer::equals (29 bytes)
Event: 466.044 Thread 0x000002525253a7c0 nmethod 15136 0x000002523e618f10 code [0x000002523e619080, 0x000002523e619138]
Event: 466.047 Thread 0x000002525253a7c0 15137       4       org.apache.tomcat.util.http.ValuesEnumerator::nextElement (5 bytes)
Event: 466.054 Thread 0x000002525253a7c0 nmethod 15137 0x000002523e619210 code [0x000002523e6193e0, 0x000002523e6199b8]
Event: 466.054 Thread 0x000002525253a7c0 15138       4       java.lang.ThreadLocal::setInitialValue (50 bytes)
Event: 466.064 Thread 0x000002525253a7c0 nmethod 15138 0x000002523e619e90 code [0x000002523e61a060, 0x000002523e61a8b8]
Event: 466.079 Thread 0x000002525253a7c0 15139       4       org.apache.tomcat.util.http.MimeHeaders::findHeader (36 bytes)
Event: 466.080 Thread 0x000002525253a7c0 nmethod 15139 0x000002523e61ad90 code [0x000002523e61af20, 0x000002523e61b068]
Event: 466.080 Thread 0x000002525253a7c0 15140       4       org.springframework.boot.devtools.restart.classloader.RestartClassLoader::getResource (48 bytes)
Event: 466.179 Thread 0x000002525253a7c0 nmethod 15140 0x000002523e61b210 code [0x000002523e61b6e0, 0x000002523e61e7d8]
Event: 466.179 Thread 0x000002525253a7c0 15141       4       java.util.WeakHashMap::put (160 bytes)
Event: 466.194 Thread 0x000002525253a7c0 nmethod 15141 0x000002523e620e10 code [0x000002523e620fc0, 0x000002523e6219e8]
Event: 466.251 Thread 0x000002525253a7c0 15142       4       jdk.internal.reflect.Reflection::verifyMemberAccess (200 bytes)
Event: 466.256 Thread 0x000002525256c400 15144       3       org.hibernate.dialect.MySQLDialect::supportsWindowFunctions (14 bytes)
Event: 466.256 Thread 0x000002525256c400 nmethod 15144 0x0000025237ca1f10 code [0x0000025237ca20c0, 0x0000025237ca2348]
Event: 466.308 Thread 0x000002525253a7c0 nmethod 15142 0x000002523e621d90 code [0x000002523e622080, 0x000002523e623b08]
Event: 466.309 Thread 0x000002525253a7c0 15143       4       jdk.internal.reflect.Reflection::verifyModuleAccess (24 bytes)

GC Heap History (20 events):
Event: 5.125 GC heap before
{Heap before GC invocations=17 (full 0):
 garbage-first heap   total 102400K, used 77358K [0x0000000704400000, 0x0000000800000000)
  region size 2048K, 25 young (51200K), 4 survivors (8192K)
 Metaspace       used 82337K, committed 82880K, reserved 1179648K
  class space    used 10734K, committed 11008K, reserved 1048576K
}
Event: 5.128 GC heap after
{Heap after GC invocations=18 (full 0):
 garbage-first heap   total 102400K, used 35486K [0x0000000704400000, 0x0000000800000000)
  region size 2048K, 2 young (4096K), 2 survivors (4096K)
 Metaspace       used 82337K, committed 82880K, reserved 1179648K
  class space    used 10734K, committed 11008K, reserved 1048576K
}
Event: 5.869 GC heap before
{Heap before GC invocations=18 (full 0):
 garbage-first heap   total 102400K, used 80542K [0x0000000704400000, 0x0000000800000000)
  region size 2048K, 24 young (49152K), 2 survivors (4096K)
 Metaspace       used 86621K, committed 87168K, reserved 1179648K
  class space    used 11342K, committed 11584K, reserved 1048576K
}
Event: 5.871 GC heap after
{Heap after GC invocations=19 (full 0):
 garbage-first heap   total 102400K, used 39729K [0x0000000704400000, 0x0000000800000000)
  region size 2048K, 3 young (6144K), 3 survivors (6144K)
 Metaspace       used 86621K, committed 87168K, reserved 1179648K
  class space    used 11342K, committed 11584K, reserved 1048576K
}
Event: 23.077 GC heap before
{Heap before GC invocations=19 (full 0):
 garbage-first heap   total 102400K, used 76593K [0x0000000704400000, 0x0000000800000000)
  region size 2048K, 22 young (45056K), 3 survivors (6144K)
 Metaspace       used 93777K, committed 94400K, reserved 1179648K
  class space    used 12299K, committed 12608K, reserved 1048576K
}
Event: 23.085 GC heap after
{Heap after GC invocations=20 (full 0):
 garbage-first heap   total 102400K, used 42195K [0x0000000704400000, 0x0000000800000000)
  region size 2048K, 2 young (4096K), 2 survivors (4096K)
 Metaspace       used 93777K, committed 94400K, reserved 1179648K
  class space    used 12299K, committed 12608K, reserved 1048576K
}
Event: 62.567 GC heap before
{Heap before GC invocations=20 (full 0):
 garbage-first heap   total 102400K, used 79059K [0x0000000704400000, 0x0000000800000000)
  region size 2048K, 20 young (40960K), 2 survivors (4096K)
 Metaspace       used 95093K, committed 95808K, reserved 1179648K
  class space    used 12355K, committed 12672K, reserved 1048576K
}
Event: 62.570 GC heap after
{Heap after GC invocations=21 (full 0):
 garbage-first heap   total 102400K, used 42156K [0x0000000704400000, 0x0000000800000000)
  region size 2048K, 2 young (4096K), 2 survivors (4096K)
 Metaspace       used 95093K, committed 95808K, reserved 1179648K
  class space    used 12355K, committed 12672K, reserved 1048576K
}
Event: 80.574 GC heap before
{Heap before GC invocations=21 (full 0):
 garbage-first heap   total 102400K, used 76972K [0x0000000704400000, 0x0000000800000000)
  region size 2048K, 20 young (40960K), 2 survivors (4096K)
 Metaspace       used 96441K, committed 97152K, reserved 1179648K
  class space    used 12361K, committed 12672K, reserved 1048576K
}
Event: 80.577 GC heap after
{Heap after GC invocations=22 (full 0):
 garbage-first heap   total 102400K, used 42590K [0x0000000704400000, 0x0000000800000000)
  region size 2048K, 2 young (4096K), 2 survivors (4096K)
 Metaspace       used 96441K, committed 97152K, reserved 1179648K
  class space    used 12361K, committed 12672K, reserved 1048576K
}
Event: 136.307 GC heap before
{Heap before GC invocations=22 (full 0):
 garbage-first heap   total 102400K, used 81502K [0x0000000704400000, 0x0000000800000000)
  region size 2048K, 21 young (43008K), 2 survivors (4096K)
 Metaspace       used 96702K, committed 97408K, reserved 1179648K
  class space    used 12362K, committed 12672K, reserved 1048576K
}
Event: 136.310 GC heap after
{Heap after GC invocations=23 (full 0):
 garbage-first heap   total 102400K, used 42787K [0x0000000704400000, 0x0000000800000000)
  region size 2048K, 1 young (2048K), 1 survivors (2048K)
 Metaspace       used 96702K, committed 97408K, reserved 1179648K
  class space    used 12362K, committed 12672K, reserved 1048576K
}
Event: 235.322 GC heap before
{Heap before GC invocations=23 (full 0):
 garbage-first heap   total 102400K, used 81699K [0x0000000704400000, 0x0000000800000000)
  region size 2048K, 20 young (40960K), 1 survivors (2048K)
 Metaspace       used 96942K, committed 97600K, reserved 1179648K
  class space    used 12378K, committed 12672K, reserved 1048576K
}
Event: 235.324 GC heap after
{Heap after GC invocations=24 (full 0):
 garbage-first heap   total 102400K, used 42647K [0x0000000704400000, 0x0000000800000000)
  region size 2048K, 1 young (2048K), 1 survivors (2048K)
 Metaspace       used 96942K, committed 97600K, reserved 1179648K
  class space    used 12378K, committed 12672K, reserved 1048576K
}
Event: 291.401 GC heap before
{Heap before GC invocations=24 (full 0):
 garbage-first heap   total 102400K, used 81559K [0x0000000704400000, 0x0000000800000000)
  region size 2048K, 21 young (43008K), 1 survivors (2048K)
 Metaspace       used 97991K, committed 98688K, reserved 1179648K
  class space    used 12494K, committed 12800K, reserved 1048576K
}
Event: 291.404 GC heap after
{Heap after GC invocations=25 (full 0):
 garbage-first heap   total 102400K, used 43094K [0x0000000704400000, 0x0000000800000000)
  region size 2048K, 1 young (2048K), 1 survivors (2048K)
 Metaspace       used 97991K, committed 98688K, reserved 1179648K
  class space    used 12494K, committed 12800K, reserved 1048576K
}
Event: 344.491 GC heap before
{Heap before GC invocations=25 (full 0):
 garbage-first heap   total 102400K, used 84054K [0x0000000704400000, 0x0000000800000000)
  region size 2048K, 21 young (43008K), 1 survivors (2048K)
 Metaspace       used 98325K, committed 99008K, reserved 1179648K
  class space    used 12523K, committed 12864K, reserved 1048576K
}
Event: 344.495 GC heap after
{Heap after GC invocations=26 (full 0):
 garbage-first heap   total 102400K, used 43339K [0x0000000704400000, 0x0000000800000000)
  region size 2048K, 1 young (2048K), 1 survivors (2048K)
 Metaspace       used 98325K, committed 99008K, reserved 1179648K
  class space    used 12523K, committed 12864K, reserved 1048576K
}
Event: 428.457 GC heap before
{Heap before GC invocations=26 (full 0):
 garbage-first heap   total 102400K, used 84299K [0x0000000704400000, 0x0000000800000000)
  region size 2048K, 21 young (43008K), 1 survivors (2048K)
 Metaspace       used 98450K, committed 99200K, reserved 1179648K
  class space    used 12526K, committed 12864K, reserved 1048576K
}
Event: 428.461 GC heap after
{Heap after GC invocations=27 (full 0):
 garbage-first heap   total 102400K, used 43494K [0x0000000704400000, 0x0000000800000000)
  region size 2048K, 1 young (2048K), 1 survivors (2048K)
 Metaspace       used 98450K, committed 99200K, reserved 1179648K
  class space    used 12526K, committed 12864K, reserved 1048576K
}

Dll operation events (11 events):
Event: 0.007 Loaded shared library C:\Users\Greeness\AppData\Roaming\Code\User\globalStorage\pleiades.java-extension-pack-jdk\java\17\bin\java.dll
Event: 0.026 Loaded shared library C:\Users\Greeness\AppData\Roaming\Code\User\globalStorage\pleiades.java-extension-pack-jdk\java\17\bin\jsvml.dll
Event: 0.114 Loaded shared library C:\Users\Greeness\AppData\Roaming\Code\User\globalStorage\pleiades.java-extension-pack-jdk\java\17\bin\net.dll
Event: 0.116 Loaded shared library C:\Users\Greeness\AppData\Roaming\Code\User\globalStorage\pleiades.java-extension-pack-jdk\java\17\bin\nio.dll
Event: 0.119 Loaded shared library C:\Users\Greeness\AppData\Roaming\Code\User\globalStorage\pleiades.java-extension-pack-jdk\java\17\bin\zip.dll
Event: 0.189 Loaded shared library C:\Users\Greeness\AppData\Roaming\Code\User\globalStorage\pleiades.java-extension-pack-jdk\java\17\bin\jimage.dll
Event: 0.360 Loaded shared library C:\Users\Greeness\AppData\Roaming\Code\User\globalStorage\pleiades.java-extension-pack-jdk\java\17\bin\management.dll
Event: 0.361 Loaded shared library C:\Users\Greeness\AppData\Roaming\Code\User\globalStorage\pleiades.java-extension-pack-jdk\java\17\bin\management_ext.dll
Event: 1.074 Loaded shared library C:\Users\Greeness\AppData\Roaming\Code\User\globalStorage\pleiades.java-extension-pack-jdk\java\17\bin\sunmscapi.dll
Event: 2.772 Loaded shared library C:\Users\Greeness\AppData\Roaming\Code\User\globalStorage\pleiades.java-extension-pack-jdk\java\17\bin\verify.dll
Event: 2.968 Loaded shared library C:\Users\Greeness\AppData\Roaming\Code\User\globalStorage\pleiades.java-extension-pack-jdk\java\17\bin\extnet.dll

Deoptimization events (20 events):
Event: 425.375 Thread 0x000002525c08b7f0 DEOPT PACKING pc=0x000002523e58556c sp=0x0000009b1bcfaea0
Event: 425.375 Thread 0x000002525c08b7f0 DEOPT UNPACKING pc=0x000002523d5d69a3 sp=0x0000009b1bcfae58 mode 2
Event: 432.022 Thread 0x000002525c087620 DEOPT PACKING pc=0x000002523787e35c sp=0x0000009b1b8fa9d0
Event: 432.022 Thread 0x000002525c087620 DEOPT UNPACKING pc=0x000002523d5d7143 sp=0x0000009b1b8f9e50 mode 0
Event: 443.276 Thread 0x000002525c08db60 DEOPT PACKING pc=0x000002523711843a sp=0x0000009b1c0fad40
Event: 443.276 Thread 0x000002525c08db60 DEOPT UNPACKING pc=0x000002523d5d7143 sp=0x0000009b1c0fa250 mode 0
Event: 443.281 Thread 0x000002525c08db60 Uncommon trap: trap_request=0xffffff45 fr.pc=0x000002523e5be214 relative=0x00000000000050b4
Event: 443.281 Thread 0x000002525c08db60 Uncommon trap: reason=unstable_if action=reinterpret pc=0x000002523e5be214 method=org.apache.coyote.http11.Http11Processor.prepareResponse()V @ 257 c2
Event: 443.281 Thread 0x000002525c08db60 DEOPT PACKING pc=0x000002523e5be214 sp=0x0000009b1c0fe000
Event: 443.281 Thread 0x000002525c08db60 DEOPT UNPACKING pc=0x000002523d5d69a3 sp=0x0000009b1c0fdfc8 mode 2
Event: 446.228 Thread 0x000002525c08efa0 Uncommon trap: trap_request=0xffffff45 fr.pc=0x000002523e42500c relative=0x000000000000044c
Event: 446.228 Thread 0x000002525c08efa0 Uncommon trap: reason=unstable_if action=reinterpret pc=0x000002523e42500c method=java.util.StringJoiner.add(Ljava/lang/CharSequence;)Ljava/util/StringJoiner; @ 33 c2
Event: 446.228 Thread 0x000002525c08efa0 DEOPT PACKING pc=0x000002523e42500c sp=0x0000009b1bffce10
Event: 446.228 Thread 0x000002525c08efa0 DEOPT UNPACKING pc=0x000002523d5d69a3 sp=0x0000009b1bffcd50 mode 2
Event: 446.228 Thread 0x000002525c08efa0 Uncommon trap: trap_request=0xffffff45 fr.pc=0x000002523e1586a0 relative=0x0000000000000460
Event: 446.228 Thread 0x000002525c08efa0 Uncommon trap: reason=unstable_if action=reinterpret pc=0x000002523e1586a0 method=java.util.StringJoiner.add(Ljava/lang/CharSequence;)Ljava/util/StringJoiner; @ 33 c2
Event: 446.228 Thread 0x000002525c08efa0 DEOPT PACKING pc=0x000002523e1586a0 sp=0x0000009b1bffae20
Event: 446.228 Thread 0x000002525c08efa0 DEOPT UNPACKING pc=0x000002523d5d69a3 sp=0x0000009b1bffade0 mode 2
Event: 451.649 Thread 0x000002525c08d140 DEOPT PACKING pc=0x00000252378675b0 sp=0x0000009b1b9fc550
Event: 451.649 Thread 0x000002525c08d140 DEOPT UNPACKING pc=0x000002523d5d7143 sp=0x0000009b1b9fbc58 mode 0

Classes unloaded (0 events):
No events

Classes redefined (0 events):
No events

Internal exceptions (20 events):
Event: 5.876 Thread 0x00000252582778b0 Exception <a 'java/lang/NoSuchMethodError'{0x0000000713e54288}: 'java.lang.Object java.lang.invoke.DirectMethodHandle$Holder.invokeSpecial(java.lang.Object, java.lang.Object, java.lang.Object, int, java.lang.Object, int)'> (0x0000000713e54288) 
thrown [s\src\hotspot\share\interpreter\linkResolver.cpp, line 759]
Event: 9.062 Thread 0x000002525c08ea90 Exception <a 'java/lang/NoSuchMethodError'{0x000000070a09aa28}: 'java.lang.Object java.lang.invoke.DirectMethodHandle$Holder.invokeSpecial(java.lang.Object, java.lang.Object, java.lang.Object, java.lang.Object, java.lang.Object, long)'> (0x000000070a09aa28) 
thrown [s\src\hotspot\share\interpreter\linkResolver.cpp, line 759]
Event: 9.062 Thread 0x000002525c08ea90 Exception <a 'java/lang/NoSuchMethodError'{0x000000070a09e420}: 'java.lang.Object java.lang.invoke.Invokers$Holder.linkToTargetMethod(java.lang.Object, java.lang.Object, java.lang.Object, long, java.lang.Object)'> (0x000000070a09e420) 
thrown [s\src\hotspot\share\interpreter\linkResolver.cpp, line 759]
Event: 9.092 Thread 0x000002525c08ea90 Exception <a 'java/lang/NoSuchMethodError'{0x0000000709e78468}: 'java.lang.Object java.lang.invoke.DirectMethodHandle$Holder.invokeStatic(java.lang.Object, int, int)'> (0x0000000709e78468) 
thrown [s\src\hotspot\share\interpreter\linkResolver.cpp, line 759]
Event: 9.270 Thread 0x000002525c08add0 Exception <a 'java/io/IOException'{0x00000007099d5918}> (0x00000007099d5918) 
thrown [s\src\hotspot\share\prims\jni.cpp, line 516]
Event: 9.338 Thread 0x000002525c08e580 Exception <a 'java/lang/NoSuchMethodError'{0x0000000709397220}: 'void java.lang.invoke.DirectMethodHandle$Holder.invokeSpecialIFC(java.lang.Object, java.lang.Object, int, java.lang.Object, java.lang.Object, java.lang.Object, java.lang.Object)'> (0x0000000709397220) 
thrown [s\src\hotspot\share\interpreter\linkResolver.cpp, line 759]
Event: 9.412 Thread 0x000002525c08e580 Exception <a 'java/lang/IncompatibleClassChangeError'{0x0000000708f7a4d8}: Found class java.lang.Object, but interface was expected> (0x0000000708f7a4d8) 
thrown [s\src\hotspot\share\interpreter\linkResolver.cpp, line 826]
Event: 16.063 Thread 0x000002525c08b7f0 Exception <a 'java/lang/NoSuchMethodError'{0x00000007089519a8}: 'int java.lang.invoke.DirectMethodHandle$Holder.invokeStatic(java.lang.Object, java.lang.Object, int, int)'> (0x00000007089519a8) 
thrown [s\src\hotspot\share\interpreter\linkResolver.cpp, line 759]
Event: 16.085 Thread 0x000002525c08b7f0 Exception <a 'java/lang/IncompatibleClassChangeError'{0x000000070860c810}: Found class java.lang.Object, but interface was expected> (0x000000070860c810) 
thrown [s\src\hotspot\share\interpreter\linkResolver.cpp, line 826]
Event: 23.008 Thread 0x000002525c08db60 Implicit null exception at 0x000002523ded819a to 0x000002523ded8990
Event: 23.091 Thread 0x000002525c08add0 Exception <a 'java/io/IOException'{0x0000000713e25cd8}> (0x0000000713e25cd8) 
thrown [s\src\hotspot\share\prims\jni.cpp, line 516]
Event: 23.137 Thread 0x000002525c087620 Exception <a 'java/net/SocketException'{0x000000070a4899b8}: Connection reset by peer: shutdown> (0x000000070a4899b8) 
thrown [s\src\hotspot\share\prims\jni.cpp, line 535]
Event: 54.457 Thread 0x000002525c08db60 Exception <a 'java/io/IOException'{0x0000000708a05370}> (0x0000000708a05370) 
thrown [s\src\hotspot\share\prims\jni.cpp, line 516]
Event: 235.296 Thread 0x000002525c08b7f0 Exception <a 'java/io/IOException'{0x0000000708332c40}> (0x0000000708332c40) 
thrown [s\src\hotspot\share\prims\jni.cpp, line 516]
Event: 263.497 Thread 0x000002525c08b7f0 Exception <a 'java/lang/NoSuchMethodError'{0x0000000709027e68}: 'void java.lang.invoke.DirectMethodHandle$Holder.invokeSpecial(java.lang.Object, java.lang.Object, int, java.lang.Object)'> (0x0000000709027e68) 
thrown [s\src\hotspot\share\interpreter\linkResolver.cpp, line 759]
Event: 263.508 Thread 0x000002525c08b7f0 Exception <a 'java/lang/reflect/InvocationTargetException'{0x0000000709060eb0}> (0x0000000709060eb0) 
thrown [s\src\hotspot\share\runtime\reflection.cpp, line 1121]
Event: 272.074 Thread 0x000002525c08add0 Exception <a 'java/lang/NoSuchMethodError'{0x0000000708cc8310}: 'java.lang.Object java.lang.invoke.Invokers$Holder.linkToTargetMethod(java.lang.Object, int, java.lang.Object, java.lang.Object, java.lang.Object, java.lang.Object)'> (0x0000000708cc8310) 
thrown [s\src\hotspot\share\interpreter\linkResolver.cpp, line 759]
Event: 272.075 Thread 0x000002525c08add0 Exception <a 'java/lang/NoSuchMethodError'{0x0000000708cd54e8}: 'int java.lang.invoke.DirectMethodHandle$Holder.invokeStatic(java.lang.Object, java.lang.Object, int, java.lang.Object)'> (0x0000000708cd54e8) 
thrown [s\src\hotspot\share\interpreter\linkResolver.cpp, line 759]
Event: 377.840 Thread 0x000002525c08b7f0 Exception <a 'java/lang/reflect/InvocationTargetException'{0x00000007094f2788}> (0x00000007094f2788) 
thrown [s\src\hotspot\share\runtime\reflection.cpp, line 1121]
Event: 422.951 Thread 0x000002525c08e580 Exception <a 'java/io/IOException'{0x00000007088e9c88}> (0x00000007088e9c88) 
thrown [s\src\hotspot\share\prims\jni.cpp, line 516]

VM Operations (20 events):
Event: 445.290 Executing VM operation: Cleanup
Event: 445.290 Executing VM operation: Cleanup done
Event: 446.305 Executing VM operation: Cleanup
Event: 446.305 Executing VM operation: Cleanup done
Event: 448.314 Executing VM operation: Cleanup
Event: 448.314 Executing VM operation: Cleanup done
Event: 451.332 Executing VM operation: Cleanup
Event: 451.332 Executing VM operation: Cleanup done
Event: 452.333 Executing VM operation: Cleanup
Event: 452.333 Executing VM operation: Cleanup done
Event: 455.364 Executing VM operation: Cleanup
Event: 455.364 Executing VM operation: Cleanup done
Event: 456.377 Executing VM operation: Cleanup
Event: 456.377 Executing VM operation: Cleanup done
Event: 459.380 Executing VM operation: Cleanup
Event: 459.380 Executing VM operation: Cleanup done
Event: 460.395 Executing VM operation: Cleanup
Event: 460.395 Executing VM operation: Cleanup done
Event: 463.400 Executing VM operation: Cleanup
Event: 463.400 Executing VM operation: Cleanup done

Events (20 events):
Event: 306.041 Thread 0x0000025259af1b80 Thread exited: 0x0000025259af1b80
Event: 315.748 Thread 0x0000025259aef100 Thread exited: 0x0000025259aef100
Event: 322.225 Thread 0x0000025259af00f0 Thread exited: 0x0000025259af00f0
Event: 322.225 Thread 0x0000025259af2620 Thread exited: 0x0000025259af2620
Event: 329.573 Thread 0x0000025259af4b50 Thread added: 0x0000025259af4b50
Event: 331.019 Thread 0x0000025259af4b50 Thread exited: 0x0000025259af4b50
Event: 346.586 Thread 0x0000025259aef100 Thread added: 0x0000025259aef100
Event: 346.586 Thread 0x0000025259af10e0 Thread added: 0x0000025259af10e0
Event: 347.126 Thread 0x0000025259af10e0 Thread exited: 0x0000025259af10e0
Event: 347.132 Thread 0x0000025259aef100 Thread exited: 0x0000025259aef100
Event: 347.255 Thread 0x000002525250ffc0 flushing nmethod 0x00000252375b5110
Event: 347.255 Thread 0x000002525250ffc0 flushing nmethod 0x00000252375b5e10
Event: 347.255 Thread 0x000002525250ffc0 flushing nmethod 0x0000025237615c10
Event: 347.255 Thread 0x000002525250ffc0 flushing nmethod 0x0000025237616110
Event: 440.955 Thread 0x0000025259af2620 Thread added: 0x0000025259af2620
Event: 444.492 Thread 0x0000025259af2620 Thread exited: 0x0000025259af2620
Event: 444.494 Thread 0x0000025259af0640 Thread added: 0x0000025259af0640
Event: 446.229 Thread 0x0000025259af0640 Thread exited: 0x0000025259af0640
Event: 447.412 Thread 0x0000025259af3610 Thread added: 0x0000025259af3610
Event: 451.266 Thread 0x0000025259af3610 Thread exited: 0x0000025259af3610


Dynamic libraries:
0x00007ff648180000 - 0x00007ff64818e000 	C:\Users\Greeness\AppData\Roaming\Code\User\globalStorage\pleiades.java-extension-pack-jdk\java\17\bin\java.exe
0x00007ffa6fe70000 - 0x00007ffa70086000 	C:\WINDOWS\SYSTEM32\ntdll.dll
0x00007ffa6f560000 - 0x00007ffa6f624000 	C:\WINDOWS\System32\KERNEL32.DLL
0x00007ffa6d360000 - 0x00007ffa6d707000 	C:\WINDOWS\System32\KERNELBASE.dll
0x00007ffa6d240000 - 0x00007ffa6d351000 	C:\WINDOWS\System32\ucrtbase.dll
0x00007ffa673a0000 - 0x00007ffa673bb000 	C:\Users\Greeness\AppData\Roaming\Code\User\globalStorage\pleiades.java-extension-pack-jdk\java\17\bin\VCRUNTIME140.dll
0x00007ffa65b90000 - 0x00007ffa65ba7000 	C:\Users\Greeness\AppData\Roaming\Code\User\globalStorage\pleiades.java-extension-pack-jdk\java\17\bin\jli.dll
0x00007ffa6fc20000 - 0x00007ffa6fdce000 	C:\WINDOWS\System32\USER32.dll
0x00007ffa6dab0000 - 0x00007ffa6dad6000 	C:\WINDOWS\System32\win32u.dll
0x00007ffa6fac0000 - 0x00007ffa6fae9000 	C:\WINDOWS\System32\GDI32.dll
0x00007ffa3f950000 - 0x00007ffa3fbe3000 	C:\WINDOWS\WinSxS\amd64_microsoft.windows.common-controls_6595b64144ccf1df_6.0.22621.3235_none_270f74e173860f98\COMCTL32.dll
0x00007ffa6d780000 - 0x00007ffa6d899000 	C:\WINDOWS\System32\gdi32full.dll
0x00007ffa6dba0000 - 0x00007ffa6dc47000 	C:\WINDOWS\System32\msvcrt.dll
0x00007ffa6da10000 - 0x00007ffa6daaa000 	C:\WINDOWS\System32\msvcp_win.dll
0x00007ffa6f3b0000 - 0x00007ffa6f3e1000 	C:\WINDOWS\System32\IMM32.DLL
0x00007ffa67400000 - 0x00007ffa6740c000 	C:\Users\Greeness\AppData\Roaming\Code\User\globalStorage\pleiades.java-extension-pack-jdk\java\17\bin\vcruntime140_1.dll
0x00007ff9f7b40000 - 0x00007ff9f7bcd000 	C:\Users\Greeness\AppData\Roaming\Code\User\globalStorage\pleiades.java-extension-pack-jdk\java\17\bin\msvcp140.dll
0x00007ff9a5ca0000 - 0x00007ff9a6902000 	C:\Users\Greeness\AppData\Roaming\Code\User\globalStorage\pleiades.java-extension-pack-jdk\java\17\bin\server\jvm.dll
0x00007ffa6f1e0000 - 0x00007ffa6f292000 	C:\WINDOWS\System32\ADVAPI32.dll
0x00007ffa6f7d0000 - 0x00007ffa6f878000 	C:\WINDOWS\System32\sechost.dll
0x00007ffa6d210000 - 0x00007ffa6d238000 	C:\WINDOWS\System32\bcrypt.dll
0x00007ffa6faf0000 - 0x00007ffa6fc05000 	C:\WINDOWS\System32\RPCRT4.dll
0x00007ffa6c030000 - 0x00007ffa6c07d000 	C:\WINDOWS\SYSTEM32\POWRPROF.dll
0x00007ffa51fa0000 - 0x00007ffa51fa9000 	C:\WINDOWS\SYSTEM32\WSOCK32.dll
0x00007ffa6de00000 - 0x00007ffa6de71000 	C:\WINDOWS\System32\WS2_32.dll
0x00007ffa62fb0000 - 0x00007ffa62fba000 	C:\WINDOWS\SYSTEM32\VERSION.dll
0x00007ffa662d0000 - 0x00007ffa66304000 	C:\WINDOWS\SYSTEM32\WINMM.dll
0x00007ffa6c010000 - 0x00007ffa6c023000 	C:\WINDOWS\SYSTEM32\UMPDC.dll
0x00007ffa6c2c0000 - 0x00007ffa6c2d8000 	C:\WINDOWS\SYSTEM32\kernel.appcore.dll
0x00007ffa660a0000 - 0x00007ffa660aa000 	C:\Users\Greeness\AppData\Roaming\Code\User\globalStorage\pleiades.java-extension-pack-jdk\java\17\bin\jimage.dll
0x00007ffa6aa70000 - 0x00007ffa6aca3000 	C:\WINDOWS\SYSTEM32\DBGHELP.DLL
0x00007ffa6ed50000 - 0x00007ffa6f0d8000 	C:\WINDOWS\System32\combase.dll
0x00007ffa6df70000 - 0x00007ffa6e047000 	C:\WINDOWS\System32\OLEAUT32.dll
0x00007ffa48ae0000 - 0x00007ffa48b12000 	C:\WINDOWS\SYSTEM32\dbgcore.DLL
0x00007ffa6d190000 - 0x00007ffa6d209000 	C:\WINDOWS\System32\bcryptPrimitives.dll
0x00007ffa39090000 - 0x00007ffa390b5000 	C:\Users\Greeness\AppData\Roaming\Code\User\globalStorage\pleiades.java-extension-pack-jdk\java\17\bin\java.dll
0x00007ff9f7a60000 - 0x00007ff9f7b37000 	C:\Users\Greeness\AppData\Roaming\Code\User\globalStorage\pleiades.java-extension-pack-jdk\java\17\bin\jsvml.dll
0x00007ffa6e050000 - 0x00007ffa6e8ac000 	C:\WINDOWS\System32\SHELL32.dll
0x00007ffa6b100000 - 0x00007ffa6b9f9000 	C:\WINDOWS\SYSTEM32\windows.storage.dll
0x00007ffa6afc0000 - 0x00007ffa6b0fe000 	C:\WINDOWS\SYSTEM32\wintypes.dll
0x00007ffa6f0e0000 - 0x00007ffa6f1d3000 	C:\WINDOWS\System32\SHCORE.dll
0x00007ffa6fdd0000 - 0x00007ffa6fe2e000 	C:\WINDOWS\System32\shlwapi.dll
0x00007ffa6d0c0000 - 0x00007ffa6d0e1000 	C:\WINDOWS\SYSTEM32\profapi.dll
0x00007ffa65af0000 - 0x00007ffa65b09000 	C:\Users\Greeness\AppData\Roaming\Code\User\globalStorage\pleiades.java-extension-pack-jdk\java\17\bin\net.dll
0x00007ffa66ce0000 - 0x00007ffa66e16000 	C:\WINDOWS\SYSTEM32\WINHTTP.dll
0x00007ffa6c730000 - 0x00007ffa6c799000 	C:\WINDOWS\system32\mswsock.dll
0x00007ffa652d0000 - 0x00007ffa652e6000 	C:\Users\Greeness\AppData\Roaming\Code\User\globalStorage\pleiades.java-extension-pack-jdk\java\17\bin\nio.dll
0x00007ffa39070000 - 0x00007ffa39088000 	C:\Users\Greeness\AppData\Roaming\Code\User\globalStorage\pleiades.java-extension-pack-jdk\java\17\bin\zip.dll
0x00007ffa65b80000 - 0x00007ffa65b89000 	C:\Users\Greeness\AppData\Roaming\Code\User\globalStorage\pleiades.java-extension-pack-jdk\java\17\bin\management.dll
0x00007ffa655e0000 - 0x00007ffa655eb000 	C:\Users\Greeness\AppData\Roaming\Code\User\globalStorage\pleiades.java-extension-pack-jdk\java\17\bin\management_ext.dll
0x00007ffa6fc10000 - 0x00007ffa6fc18000 	C:\WINDOWS\System32\PSAPI.DLL
0x00007ffa65510000 - 0x00007ffa6551e000 	C:\Users\Greeness\AppData\Roaming\Code\User\globalStorage\pleiades.java-extension-pack-jdk\java\17\bin\sunmscapi.dll
0x00007ffa6d8a0000 - 0x00007ffa6da07000 	C:\WINDOWS\System32\CRYPT32.dll
0x00007ffa6cb50000 - 0x00007ffa6cb7e000 	C:\WINDOWS\SYSTEM32\ncrypt.dll
0x00007ffa6cb10000 - 0x00007ffa6cb47000 	C:\WINDOWS\SYSTEM32\NTASN1.dll
0x00007ffa6c990000 - 0x00007ffa6c9ab000 	C:\WINDOWS\SYSTEM32\CRYPTSP.dll
0x00007ffa6c220000 - 0x00007ffa6c255000 	C:\WINDOWS\system32\rsaenh.dll
0x00007ffa6c830000 - 0x00007ffa6c858000 	C:\WINDOWS\SYSTEM32\USERENV.dll
0x00007ffa6c9b0000 - 0x00007ffa6c9bc000 	C:\WINDOWS\SYSTEM32\CRYPTBASE.dll
0x00007ffa6bcd0000 - 0x00007ffa6bcfd000 	C:\WINDOWS\SYSTEM32\IPHLPAPI.DLL
0x00007ffa6f3f0000 - 0x00007ffa6f3f9000 	C:\WINDOWS\System32\NSI.dll
0x00007ffa66ab0000 - 0x00007ffa66ac9000 	C:\WINDOWS\SYSTEM32\dhcpcsvc6.DLL
0x00007ffa66a90000 - 0x00007ffa66aaf000 	C:\WINDOWS\SYSTEM32\dhcpcsvc.DLL
0x00007ffa6bd40000 - 0x00007ffa6be39000 	C:\WINDOWS\SYSTEM32\DNSAPI.dll
0x00007ffa651e0000 - 0x00007ffa651f0000 	C:\Users\Greeness\AppData\Roaming\Code\User\globalStorage\pleiades.java-extension-pack-jdk\java\17\bin\verify.dll
0x00007ffa62c20000 - 0x00007ffa62c2a000 	C:\Windows\System32\rasadhlp.dll
0x00007ffa65f70000 - 0x00007ffa65ff3000 	C:\WINDOWS\System32\fwpuclnt.dll
0x00007ffa63f90000 - 0x00007ffa63f99000 	C:\Users\Greeness\AppData\Roaming\Code\User\globalStorage\pleiades.java-extension-pack-jdk\java\17\bin\extnet.dll
0x00007ffa3b000000 - 0x00007ffa3b008000 	C:\WINDOWS\system32\wshunix.dll
0x00007ffa6c2e0000 - 0x00007ffa6c314000 	C:\WINDOWS\SYSTEM32\ntmarta.dll

dbghelp: loaded successfully - version: 4.0.5 - missing functions: none
symbol engine: initialized successfully - sym options: 0x614 - pdb path: .;C:\Users\Greeness\AppData\Roaming\Code\User\globalStorage\pleiades.java-extension-pack-jdk\java\17\bin;C:\WINDOWS\SYSTEM32;C:\WINDOWS\WinSxS\amd64_microsoft.windows.common-controls_6595b64144ccf1df_6.0.22621.3235_none_270f74e173860f98;C:\Users\Greeness\AppData\Roaming\Code\User\globalStorage\pleiades.java-extension-pack-jdk\java\17\bin\server

VM Arguments:
jvm_args: -XX:+ShowCodeDetailsInExceptionMessages 
java_command: com.example.onlinefood.OnlineFoodOrderingApplication
java_class_path (initial): C:\Users\Greeness\Desktop\new5.10-online-food-ordering\Online-Food-Ordering\target\classes;C:\Users\Greeness\.m2\repository\org\springframework\boot\spring-boot-starter-data-jpa\3.2.4\spring-boot-starter-data-jpa-3.2.4.jar;C:\Users\Greeness\.m2\repository\org\springframework\boot\spring-boot-starter-aop\3.2.4\spring-boot-starter-aop-3.2.4.jar;C:\Users\Greeness\.m2\repository\org\aspectj\aspectjweaver\1.9.21\aspectjweaver-1.9.21.jar;C:\Users\Greeness\.m2\repository\org\springframework\boot\spring-boot-starter-jdbc\3.2.4\spring-boot-starter-jdbc-3.2.4.jar;C:\Users\Greeness\.m2\repository\com\zaxxer\HikariCP\5.0.1\HikariCP-5.0.1.jar;C:\Users\Greeness\.m2\repository\org\springframework\spring-jdbc\6.1.5\spring-jdbc-6.1.5.jar;C:\Users\Greeness\.m2\repository\org\hibernate\orm\hibernate-core\6.4.4.Final\hibernate-core-6.4.4.Final.jar;C:\Users\Greeness\.m2\repository\jakarta\persistence\jakarta.persistence-api\3.1.0\jakarta.persistence-api-3.1.0.jar;C:\Users\Greeness\.m2\repository\jakarta\transaction\jakarta.transaction-api\2.0.1\jakarta.transaction-api-2.0.1.jar;C:\Users\Greeness\.m2\repository\org\jboss\logging\jboss-logging\3.5.3.Final\jboss-logging-3.5.3.Final.jar;C:\Users\Greeness\.m2\repository\org\hibernate\common\hibernate-commons-annotations\6.0.6.Final\hibernate-commons-annotations-6.0.6.Final.jar;C:\Users\Greeness\.m2\repository\io\smallrye\jandex\3.1.2\jandex-3.1.2.jar;C:\Users\Greeness\.m2\repository\com\fasterxml\classmate\1.6.0\classmate-1.6.0.jar;C:\Users\Greeness\.m2\repository\net\bytebuddy\byte-buddy\1.14.12\byte-buddy-1.14.12.jar;C:\Users\Greeness\.m2\repository\org\glassfish\jaxb\jaxb-runtime\4.0.5\jaxb-runtime-4.0.5.jar;C:\Users\Greeness\.m2\repository\org\glassfish\jaxb\jaxb-core\4.0.5\jaxb-core-4.0.5.jar;C:\Users\Greeness\.m2\repository\org\eclipse\angus\angus-activation\2.0.2\angus-activation-2.0.2.jar;C:\Users\Greeness\.m2\repository\org\glassfish\jaxb\txw2\4.0.5\txw2-4.0.5.jar;C:\Users\Greeness\.m2\repository\com\sun
Launcher Type: SUN_STANDARD

[Global flags]
     intx CICompilerCount                          = 12                                        {product} {ergonomic}
     uint ConcGCThreads                            = 4                                         {product} {ergonomic}
     uint G1ConcRefinementThreads                  = 15                                        {product} {ergonomic}
   size_t G1HeapRegionSize                         = 2097152                                   {product} {ergonomic}
    uintx GCDrainStackTargetSize                   = 64                                        {product} {ergonomic}
   size_t InitialHeapSize                          = 264241152                                 {product} {ergonomic}
   size_t MarkStackSize                            = 4194304                                   {product} {ergonomic}
   size_t MaxHeapSize                              = 4223664128                                {product} {ergonomic}
   size_t MaxNewSize                               = 2533359616                                {product} {ergonomic}
   size_t MinHeapDeltaBytes                        = 2097152                                   {product} {ergonomic}
   size_t MinHeapSize                              = 8388608                                   {product} {ergonomic}
    uintx NonNMethodCodeHeapSize                   = 7602480                                {pd product} {ergonomic}
    uintx NonProfiledCodeHeapSize                  = 122027880                              {pd product} {ergonomic}
    uintx ProfiledCodeHeapSize                     = 122027880                              {pd product} {ergonomic}
    uintx ReservedCodeCacheSize                    = 251658240                              {pd product} {ergonomic}
     bool SegmentedCodeCache                       = true                                      {product} {ergonomic}
     bool ShowCodeDetailsInExceptionMessages       = true                                   {manageable} {command line}
   size_t SoftMaxHeapSize                          = 4223664128                             {manageable} {ergonomic}
     bool UseCompressedClassPointers               = true                           {product lp64_product} {ergonomic}
     bool UseCompressedOops                        = true                           {product lp64_product} {ergonomic}
     bool UseG1GC                                  = true                                      {product} {ergonomic}
     bool UseLargePagesIndividualAllocation        = false                                  {pd product} {ergonomic}

Logging:
Log output configuration:
 #0: stdout all=warning uptime,level,tags
 #1: stderr all=off uptime,level,tags

Environment Variables:
JAVA_HOME=C:\Users\Greeness\AppData\Roaming\Code\User\globalStorage\pleiades.java-extension-pack-jdk\java\21
CLASSPATH=.;%JAVA_HOME%\lib;%JAVA_HOME%\lib\dt.jar;%JAVA_HOME%\lib\tools.jar
PATH=C:\Users\Greeness\AppData\Roaming\Code\User\globalStorage\pleiades.java-extension-pack-jdk\gradle\latest\bin;C:\Users\Greeness\AppData\Roaming\Code\User\globalStorage\pleiades.java-extension-pack-jdk\maven\latest\bin;C:\Users\Greeness\AppData\Roaming\Code\User\globalStorage\pleiades.java-extension-pack-jdk\java\21\bin;C:\Program Files\NVIDIA GPU Computing Toolkit\CUDA\v11.7\bin;C:\Program Files\NVIDIA GPU Computing Toolkit\CUDA\v11.7\libnvvp;C:\Program Files (x86)\Common Files\Oracle\Java\javapath;C:\Windows\system32;C:\Windows;C:\Windows\System32\Wbem;C:\Windows\System32\WindowsPowerShell\v1.0\;C:\Windows\System32\OpenSSH\;C:\Program Files (x86)\NVIDIA Corporation\PhysX\Common;C:\Program Files\NVIDIA Corporation\NVIDIA NvDLISR;C:\Program Files\Bandizip\;%JAVA_HOME%\bin;%JAVA_HOME%\jre\bin;D:\Anaconda;D:\Anaconda\Scripts;D:\Anaconda\Library\mingw-w64\bin D:\Anaconda\Library\usr\bin;D:\Anaconda\Library\bin;C:\WINDOWS\system32;C:\WINDOWS;C:\WINDOWS\System32\Wbem;C:\WINDOWS\System32\WindowsPowerShell\v1.0\;C:\WINDOWS\System32\OpenSSH\;C:\Program Files\Git\cmd;D:\Cmake\bin;C:\Users\Greeness\AppData\Local\Programs\Python\Python311;C:\Users\Greeness\AppData\Local\Programs\Python\Python311\Scripts;C:\Program Files (x86)\Microsoft Visual Studio\2019\Community\VC\Tools\MSVC\14.16.27023\bin\HostX64\x64;C:\Program Files (x86)\Windows Kits\10\bin\10.0.18362.0\x64;C:\Program Files (x86)\Microsoft Visual Studio 14.0\VC\bin;C:\Program Files\NVIDIA Corporation\Nsight Compute 2022.2.1\;C:\Program Files\NVIDIA GPU Computing Toolkit\CUDA\v11.7\lib\x64;C:\Program Files\NVIDIA GPU Computing Toolkit\CUDA\v11.7\bin;C:\Program Files\NVIDIA GPU Computing Toolkit\CUDA\v11.7;C:\Program Files\NVIDIA GPU Computing Toolkit\CUDA\v11.7\libnvvp;C:\Program Files\NVIDIA GPU Computing Toolkit\CUDA\v11.7\extras\CUPTI;C:\Program Files\NVIDIA GPU Computing Toolkit\CUDA\v11.7\include;C:\Program Files\R\R-4.3.3\bin;D:\ninja;D:\Anaconda\Scripts\ninja;C:\Program Files (x86)\Microsoft Visual Studio\2019\Com
USERNAME=Greeness
LANG=zh_CN.UTF-8
OS=Windows_NT
PROCESSOR_IDENTIFIER=Intel64 Family 6 Model 154 Stepping 3, GenuineIntel
TMP=C:\Users\Greeness\AppData\Local\Temp
TEMP=C:\Users\Greeness\AppData\Local\Temp



Periodic native trim disabled


---------------  S Y S T E M  ---------------

OS:
 Windows 11 , 64 bit Build 22621 (10.0.22621.3374)
OS uptime: 6 days 6:18 hours

CPU: total 20 (initial active 20) (10 cores per cpu, 2 threads per core) family 6 model 154 stepping 3 microcode 0x41c, cx8, cmov, fxsr, ht, mmx, 3dnowpref, sse, sse2, sse3, ssse3, sse4.1, sse4.2, popcnt, lzcnt, tsc, tscinvbit, avx, avx2, aes, erms, clmul, bmi1, bmi2, adx, sha, fma, vzeroupper, clflush, clflushopt, clwb
Processor Information for processor 0
  Max Mhz: 2500, Current Mhz: 2500, Mhz Limit: 2500
Processor Information for processor 1
  Max Mhz: 2500, Current Mhz: 2500, Mhz Limit: 2500
Processor Information for processor 2
  Max Mhz: 2500, Current Mhz: 2500, Mhz Limit: 2500
Processor Information for processor 3
  Max Mhz: 2500, Current Mhz: 2500, Mhz Limit: 2500
Processor Information for processor 4
  Max Mhz: 2500, Current Mhz: 2500, Mhz Limit: 2500
Processor Information for processor 5
  Max Mhz: 2500, Current Mhz: 2500, Mhz Limit: 2500
Processor Information for processor 6
  Max Mhz: 2500, Current Mhz: 2500, Mhz Limit: 2500
Processor Information for processor 7
  Max Mhz: 2500, Current Mhz: 2500, Mhz Limit: 2500
Processor Information for processor 8
  Max Mhz: 2500, Current Mhz: 2500, Mhz Limit: 2500
Processor Information for processor 9
  Max Mhz: 2500, Current Mhz: 2500, Mhz Limit: 2500
Processor Information for processor 10
  Max Mhz: 2500, Current Mhz: 2500, Mhz Limit: 2500
Processor Information for processor 11
  Max Mhz: 2500, Current Mhz: 2500, Mhz Limit: 2500
Processor Information for processor 12
  Max Mhz: 2500, Current Mhz: 1800, Mhz Limit: 1800
Processor Information for processor 13
  Max Mhz: 2500, Current Mhz: 1500, Mhz Limit: 1800
Processor Information for processor 14
  Max Mhz: 2500, Current Mhz: 1500, Mhz Limit: 1800
Processor Information for processor 15
  Max Mhz: 2500, Current Mhz: 1500, Mhz Limit: 1800
Processor Information for processor 16
  Max Mhz: 2500, Current Mhz: 1800, Mhz Limit: 1800
Processor Information for processor 17
  Max Mhz: 2500, Current Mhz: 1500, Mhz Limit: 1800
Processor Information for processor 18
  Max Mhz: 2500, Current Mhz: 1500, Mhz Limit: 1800
Processor Information for processor 19
  Max Mhz: 2500, Current Mhz: 1800, Mhz Limit: 1800

Memory: 4k page, system-wide physical 16108M (595M free)
TotalPageFile size 41708M (AvailPageFile size 3M)
current process WorkingSet (physical memory assigned to process): 304M, peak: 399M
current process commit charge ("private bytes"): 405M, peak: 456M

vm_info: OpenJDK 64-Bit Server VM (17.0.11+9) for windows-amd64 JRE (17.0.11+9), built on Apr 17 2024 06:07:48 by "admin" with MS VC++ 16.10 / 16.11 (VS2019)

END.
